------------------------------------------------------------
TimeQuest Timing Analyzer Summary
------------------------------------------------------------

Type  : Slow Model Setup 'clk'
Slack : -10.974
TNS   : -58.371

Type  : Slow Model Setup 'FrequencyDivider:frq1|cnt[0]'
Slack : -4.138
TNS   : -60.796

Type  : Slow Model Setup 'DDS:inst8|phase_accumulator:PA|up_counter:UC1|cout'
Slack : -1.440
TNS   : -4.012

Type  : Slow Model Hold 'clk'
Slack : -1.901
TNS   : -11.431

Type  : Slow Model Hold 'FrequencyDivider:frq1|cnt[0]'
Slack : 0.445
TNS   : 0.000

Type  : Slow Model Hold 'DDS:inst8|phase_accumulator:PA|up_counter:UC1|cout'
Slack : 0.662
TNS   : 0.000

Type  : Slow Model Minimum Pulse Width 'clk'
Slack : -1.631
TNS   : -34.625

Type  : Slow Model Minimum Pulse Width 'FrequencyDivider:frq1|cnt[0]'
Slack : -0.611
TNS   : -37.882

Type  : Slow Model Minimum Pulse Width 'DDS:inst8|phase_accumulator:PA|up_counter:UC1|cout'
Slack : 0.500
TNS   : 0.000

Type  : Fast Model Setup 'clk'
Slack : -3.326
TNS   : -7.356

Type  : Fast Model Setup 'FrequencyDivider:frq1|cnt[0]'
Slack : -1.571
TNS   : -8.100

Type  : Fast Model Setup 'DDS:inst8|phase_accumulator:PA|up_counter:UC1|cout'
Slack : 0.147
TNS   : 0.000

Type  : Fast Model Hold 'clk'
Slack : -1.490
TNS   : -8.043

Type  : Fast Model Hold 'FrequencyDivider:frq1|cnt[0]'
Slack : 0.215
TNS   : 0.000

Type  : Fast Model Hold 'DDS:inst8|phase_accumulator:PA|up_counter:UC1|cout'
Slack : 0.243
TNS   : 0.000

Type  : Fast Model Minimum Pulse Width 'clk'
Slack : -1.380
TNS   : -28.380

Type  : Fast Model Minimum Pulse Width 'FrequencyDivider:frq1|cnt[0]'
Slack : -0.500
TNS   : -31.000

Type  : Fast Model Minimum Pulse Width 'DDS:inst8|phase_accumulator:PA|up_counter:UC1|cout'
Slack : 0.500
TNS   : 0.000

------------------------------------------------------------
